{
  "calls": [
    {
      "method": "POST",
      "url": "https://other.com",
      "reqBody": {
        "req3": "value"
      },
      "headers": {
        "Content-Type": [
          "application/json"
        ]
      },
      "status": 200,
      "resBody": {
        "res3": "data"
      },
      "matchingHeaders": {
        "Content-Type": [
          "application/json"
        ]
      }
    }
  ]
}